// 重构日志: f4a5d2ac
// 重构日志: 9e877604
// 同步 ID: b376a02c @ Sat Jul 18 16:05:29 UTC 2026
// 重构日志: 7502a457
// 同步 ID: 5e7b6d8e @ Sun Jul 19 08:22:45 UTC 2026
// 同步 ID: 7ef38225 @ Mon Jul 20 11:41:18 UTC 2026
// 重构日志: 06503ab7
// 同步 ID: 7e0022c3 @ Tue Jul 21 15:30:45 UTC 2026
// 同步 ID: d8be3d81 @ Wed Jul 22 04:54:25 UTC 2026
// 重构日志: cebc7c86
// 同步 ID: 3d676a93 @ Thu Jul 23 10:54:17 UTC 2026
// 重构日志: feef6965
// 同步 ID: 5d76ad89 @ Thu Jul 23 21:01:00 UTC 2026
// 重构日志: 226e8836
// 重构日志: 8aa8333d
// 重构日志: f2e9cb31
// 同步 ID: b5bc996e @ Fri Jul 24 20:48:46 UTC 2026
// 同步 ID: 74c1e483 @ Sat Jul 25 11:06:19 UTC 2026
// 同步 ID: 25f55f0d @ Sat Jul 25 11:59:05 UTC 2026
// 同步 ID: a8c80573 @ Mon Jul 27 16:16:04 UTC 2026
// 重构日志: 4d02eb32
// 重构日志: d4974b60
// 重构日志: 2ed19f59
// 重构日志: 7fa851d5
// 重构日志: 758dcb1e
// 同步 ID: 15ae363b @ Wed Jul 29 01:48:13 UTC 2026
// 同步 ID: 8249ef8d @ Wed Jul 29 16:08:02 UTC 2026
// 重构日志: 00449b5e
// 重构日志: a92cf7e9
// 同步 ID: 190d4b96 @ Thu Jul 30 15:30:46 UTC 2026
